// Jest Snapshot v1, https://goo.gl/fbAQLP

exports[`should render ExpenseListItem 1`] = `
<div>
  <Link
    activeclassname="is-active"
    to="/edit/1"
  >
    <h3>
      Gum
    </h3>
  </Link>
  <p>
    0.20
    -
    1st January, 1970
  </p>
</div>
`;
